[08:55:38] ============================================================
[08:55:38] 分市场状态测动量
[08:55:38] ============================================================
[08:55:38] building market cache (SQL)...
[08:56:50]   market cache: 6430 days
[08:56:51] test 610 days, 4996 stocks, thresh=0.02
[08:57:46]   50/610 [55s]
[08:58:40]   100/610 [109s]
[08:59:35]   150/610 [164s]
[09:00:30]   200/610 [219s]
[09:01:25]   250/610 [273s]
[09:02:20]   300/610 [329s]
[09:03:15]   350/610 [383s]
[09:04:09]   400/610 [438s]
[09:05:04]   450/610 [492s]
[09:05:59]   500/610 [548s]
[09:06:55]   550/610 [603s]
[09:07:49]   600/610 [658s]
[09:08:00] ============================================================
[09:08:00] RESULT 分状态
[09:08:00] ============================================================
[09:08:00] 上升: 0.4032 n=2850
[09:08:00] 下降: 0.3876 n=1970
[09:08:00] 震荡: 0.4243 n=1230
[09:08:00] written: /home/soso/v5/analyze_by_regime_result.json
