[08:46:02] ============================================================
[08:46:02] 分析2024动量失效
[08:46:02] ============================================================
[08:46:02] building market cache (SQL)...
[08:47:12]   market cache: 6430 days
[08:47:13] 241 days, 4996 stocks
[08:47:47]   30/241 [34s]
[08:48:21]   60/241 [68s]
[08:48:55]   90/241 [102s]
[08:49:29]   120/241 [136s]
[08:50:03]   150/241 [170s]
[08:50:36]   180/241 [203s]
[08:51:10]   210/241 [237s]
[08:51:44]   240/241 [270s]
[08:51:45] ============================================================
[08:51:45] 2024 分月
[08:51:45] ============================================================
[08:51:45] 月            动量分位      大盘ret     n
[08:51:45] 2024-01  0.3357 -0.9245% 220
[08:51:45] 2024-02  0.3514 +0.4922% 150
[08:51:45] 2024-03  0.2916 +0.1994% 210
[08:51:45] 2024-04  0.4652 -0.0321% 200
[08:51:45] 2024-05  0.2884 -0.0429% 200
[08:51:45] 2024-06  0.3047 -0.4264% 190
[08:51:45] 2024-07  0.3290 +0.0592% 230
[08:51:45] 2024-08  0.3404 -0.1680% 220
[08:51:45] 2024-09  0.3425 +1.1657% 190
[08:51:45] 2024-10  0.4546 +0.5345% 180
[08:51:45] 2024-11  0.2588 +0.2859% 210
[08:51:45] 2024-12  0.2640 -0.1272% 210
[08:51:45] written: /home/soso/v5/analyze_2024_result.json
