[02:06:22] ============================================================
[02:06:22] 纯动量 sweep: horizon×TopK
[02:06:22] ============================================================
[02:06:44] test 69 days, 4996 stocks
[02:06:59]   10/69 h5t5=0.472 h5t10=0.559 h10t5=0.523 h10t10=0.586 h20t5=0.615 h20t10=0.702 [15s]
[02:07:10]   20/69 h5t5=0.548 h5t10=0.577 h10t5=0.549 h10t10=0.613 h20t5=0.600 h20t10=0.670 [26s]
[02:07:22]   30/69 h5t5=0.550 h5t10=0.563 h10t5=0.586 h10t10=0.613 h20t5=0.608 h20t10=0.645 [38s]
[02:07:34]   40/69 h5t5=0.594 h5t10=0.582 h10t5=0.597 h10t10=0.616 h20t5=0.646 h20t10=0.668 [49s]
[02:07:45]   50/69 h5t5=0.619 h5t10=0.611 h10t5=0.625 h10t10=0.648 h20t5=0.608 h20t10=0.636 [60s]
[02:08:06] ============================================================
[02:08:06] SWEEP RESULT
[02:08:06] ============================================================
[02:08:06]  horizon  top  avg_pct n
[02:08:06]        5    5 0.6175 270
[02:08:06]        5   10 0.6166 540
[02:08:06]       10    5 0.5974 270
[02:08:06]       10   10 0.6249 540
[02:08:06]       20    5 0.5712 270
[02:08:06]       20   10 0.6011 540
[02:08:06] written: /home/soso/v5/momentum_sweep_result.json
