[00:02:36] ============================================================
[00:02:36] 翻倍股分类器: doublers vs non
[00:02:36] ============================================================
[00:02:36] building market cache (SQL)...
[00:03:47]   market cache: 6430 days
[00:03:47] sampling train (date<2019)...
[00:03:50] sampling test (date>=2019)...
[00:03:53] train pos=5000 neg=5000 | test pos=5000 neg=5000
[00:03:53] features train pos...
[00:03:53]     label=1: 2000/5000
[00:03:53]     label=1: 4000/5000
[00:03:54] features train neg...
[00:03:54]     label=0: 2000/5000
[00:03:54]     label=0: 4000/5000
[00:03:54] features test pos...
[00:03:55]     label=1: 2000/5000
[00:03:55]     label=1: 4000/5000
[00:03:55] features test neg...
[00:03:55]     label=0: 2000/5000
[00:03:55]     label=0: 4000/5000
[00:03:56] train=9783 test=9938 [8s]
[00:03:56] training LightGBM...
[00:03:56] ============================================================
[00:03:56] RESULT
[00:03:56] ============================================================
[00:03:56] AUC: 0.8163
[00:03:56] precision@top: 0.7335 (base 0.5003, lift 1.47x)
[00:03:56] feature importance (top 10):
[00:03:56]   mkt_vol: 210
[00:03:56]   cum_ret_10: 187
[00:03:56]   month: 174
[00:03:56]   mkt_ret: 171
[00:03:56]   up_ratio_mkt: 131
[00:03:56]   ret_3d: 124
[00:03:56]   vol_price_corr_10: 117
[00:03:56]   ret_1d: 113
[00:03:56]   cum_ret_30: 108
[00:03:56]   max_up_30: 107
[00:03:56] written: /home/soso/v5/doubler_classifier_result.json
