[22:05:29] ============================================================
[22:05:29] Phase 2: 回溯特征 T-10 采样10000/类
[22:05:29] ============================================================
[22:05:29] sampling +1 (强势)...
[22:05:45]   label 1: 2000/10000
[22:05:47]   label 1: 4000/10000
[22:05:48]   label 1: 6000/10000
[22:05:49]   label 1: 8000/10000
[22:05:50]   label 1: 10000/10000
[22:05:50] sampling -1 (弱势)...
[22:05:51]   label -1: 2000/10000
[22:05:52]   label -1: 4000/10000
[22:05:54]   label -1: 6000/10000
[22:05:54]   label -1: 8000/10000
[22:05:55]   label -1: 10000/10000
[22:05:55] pos=10000 neg=10000 [26s]
[22:05:55] ============================================================
[22:05:55] FEATURE DIFFERENCES (+1 vs -1, sorted by pval)
[22:05:55] ============================================================
[22:05:55] feat                 pos_mean   neg_mean       diff        t       pval sig
[22:05:55] cum_ret_10            0.01228   -0.00149    0.01377    10.71        0.0 ***
[22:05:55] mean_ret              0.00125   -0.00023    0.00148    10.68        0.0 ***
[22:05:55] ret_std               0.02247    0.02058    0.00189    11.35        0.0 ***
[22:05:55] max_up                0.03907    0.03402    0.00506    13.97        0.0 ***
[22:05:55] up_days_ratio         0.50078    0.47597    0.02481    10.77        0.0 ***
[22:05:55] amp_mean              0.03733    0.03503     0.0023     9.97        0.0 ***
[22:05:55] ret_3d                0.00412   -0.00104    0.00515     7.13        0.0 ***
[22:05:55] ret_1d                0.00168   -0.00044    0.00212     5.35        0.0 ***
[22:05:55] vol_price_corr        0.20634    0.15924     0.0471     7.62        0.0 ***
[22:05:55] max_dn               -0.03461   -0.03332   -0.00129     -4.2    2.6e-05 ***
[22:05:55] vol_change            0.01557    0.01174    0.00384     1.88   0.060248 
[22:05:55] written: /home/soso/v5/phase2_features_result.json
