[22:58:07] ============================================================
[22:58:07] Phase 3a v3: 加 38 因子 + 行业
[22:58:07] ============================================================
[22:58:07] loading 38 factor pkls...
[22:58:09]   loaded 38 factors RSS=2230MB
[22:58:09] building market cache (SQL)...
[22:59:26]   market cache: 6430 days
[22:59:26] RSS=2237MB
[22:59:26] sampling train (2015-2019)...
[22:59:43]     label 1 train: 2000/5000
[22:59:46]     label 1 train: 4000/5000
[22:59:49]     label 0 train: 2000/2500
[22:59:51]     label -1 train: 2000/2500
[22:59:52] sampling test (>=2019)...
[22:59:55]     label 1 test: 2000/5000
[22:59:57]     label 1 test: 4000/5000
[23:00:01]     label 0 test: 2000/2500
[23:00:03]     label -1 test: 2000/2500
[23:00:04] train=9968 test=9991 [38s] RSS=2518MB
[23:00:04] training LightGBM...
[23:00:04] ============================================================
[23:00:04] RESULT
[23:00:04] ============================================================
[23:00:04] AUC: 0.5421  (v1=0.5428, v2=0.5558)
[23:00:04] precision@top: 0.5267 (base 0.5002, lift 1.05x)
[23:00:04] feature importance (top 15):
[23:00:04]   mkt_vol: 186
[23:00:04]   month: 144
[23:00:04]   cum_ret_30: 58
[23:00:04]   cum_ret_20: 56
[23:00:04]   mkt_ret: 56
[23:00:04]   fac_alpha101_alpha_024: 56
[23:00:04]   up_ratio_mkt: 53
[23:00:04]   fac_alpha101_alpha_019: 53
[23:00:04]   ret_std_20: 51
[23:00:04]   amp_10: 48
[23:00:04]   fac_gtja191_alpha_006: 46
[23:00:04]   fac_gtja191_alpha_157: 44
[23:00:04]   max_up_30: 43
[23:00:04]   vol_change_10: 41
[23:00:04]   ret_3d: 40
[23:00:04] written: /home/soso/v5/phase3a_v3_result.json RSS=2544MB
