[22:09:49] ============================================================
[22:09:49] Phase 3a: 分类器有效性验证
[22:09:49] ============================================================
[22:09:49] sampling train (date<2019)...
[22:10:06]     label 1 (<): 2000/10000
[22:10:07]     label 1 (<): 4000/10000
[22:10:08]     label 1 (<): 6000/10000
[22:10:09]     label 1 (<): 8000/10000
[22:10:10]     label 1 (<): 10000/10000
[22:10:11]     label 0 (<): 2000/5000
[22:10:12]     label 0 (<): 4000/5000
[22:10:14]     label -1 (<): 2000/5000
[22:10:15]     label -1 (<): 4000/5000
[22:10:15] sampling test (date>=2019)...
[22:10:17]     label 1 (>=): 2000/10000
[22:10:18]     label 1 (>=): 4000/10000
[22:10:19]     label 1 (>=): 6000/10000
[22:10:20]     label 1 (>=): 8000/10000
[22:10:21]     label 1 (>=): 10000/10000
[22:10:23]     label 0 (>=): 2000/5000
[22:10:24]     label 0 (>=): 4000/5000
[22:10:25]     label -1 (>=): 2000/5000
[22:10:26]     label -1 (>=): 4000/5000
[22:10:27] train=20000 (pos=10000) test=20000 (pos=10000) [37s]
[22:10:28] training LightGBM...
[22:10:28] ============================================================
[22:10:28] RESULT
[22:10:28] ============================================================
[22:10:28] AUC: 0.5428
[22:10:28] precision@top: 0.5300 (base rate 0.5000, lift 1.06x)
[22:10:28] feature importance:
[22:10:28]   vol_change: 281
[22:10:28]   vol_price_corr: 259
[22:10:28]   ret_3d: 253
[22:10:28]   amp_mean: 237
[22:10:28]   max_up: 206
[22:10:28]   ret_1d: 201
[22:10:28]   max_dn: 189
[22:10:28]   cum_ret_10: 162
[22:10:28]   ret_std: 157
[22:10:28]   mean_ret: 108
[22:10:28]   up_days_ratio: 55
[22:10:28] written: /home/soso/v5/phase3a_classifier_result.json
