[22:20:29] ============================================================
[22:20:29] Phase 3a v2: 扩展特征分类器 (25特征)
[22:20:29] ============================================================
[22:20:29] building market cache (SQL)...
[22:21:40]   market cache: 6430 days
[22:21:40] sampling train (date<2019)...
[22:21:54]     label 1 (<): 2000/10000
[22:21:54]     label 1 (<): 4000/10000
[22:21:55]     label 1 (<): 6000/10000
[22:21:55]     label 1 (<): 8000/10000
[22:21:55]     label 1 (<): 10000/10000
[22:21:56]     label 0 (<): 2000/5000
[22:21:56]     label 0 (<): 4000/5000
[22:21:57]     label -1 (<): 2000/5000
[22:21:58]     label -1 (<): 4000/5000
[22:21:58] sampling test (date>=2019)...
[22:21:58]     label 1 (>=): 2000/10000
[22:21:59]     label 1 (>=): 4000/10000
[22:21:59]     label 1 (>=): 6000/10000
[22:21:59]     label 1 (>=): 8000/10000
[22:22:00]     label 1 (>=): 10000/10000
[22:22:01]     label 0 (>=): 2000/5000
[22:22:01]     label 0 (>=): 4000/5000
[22:22:02]     label -1 (>=): 2000/5000
[22:22:02]     label -1 (>=): 4000/5000
[22:22:02] train=19927 (pos=9969) test=19972 (pos=9989) [22s]
[22:22:03] training LightGBM...
[22:22:03] ============================================================
[22:22:03] RESULT
[22:22:03] ============================================================
[22:22:03] AUC: 0.5558  (v1=0.5428)
[22:22:03] precision@top: 0.5388 (base 0.5002, lift 1.08x)
[22:22:03] feature importance (top 10):
[22:22:03]   mkt_vol: 313
[22:22:03]   mkt_ret: 198
[22:22:03]   up_ratio_mkt: 182
[22:22:03]   month: 174
[22:22:03]   cum_ret_30: 141
[22:22:03]   ret_3d: 123
[22:22:03]   cum_ret_20: 112
[22:22:03]   cum_ret_10: 109
[22:22:03]   amp_10: 90
[22:22:03]   vol_change_10: 88
[22:22:03] written: /home/soso/v5/phase3a_v2_result.json
