[22:00:54] ============================================================
[22:00:54] Phase 1: Triple Barrier K=10 VOL_WIN=20 SCALE=1.5
[22:00:54] ============================================================
[22:00:54] total=4996 done=0 todo=4996
[22:01:05]   200/4996 (+0 done) samples=1200951 [11s]
[22:01:16]   400/4996 (+0 done) samples=2331727 [22s]
[22:01:29]   600/4996 (+0 done) samples=3556189 [34s]
[22:01:36]   800/4996 (+0 done) samples=4315072 [42s]
[22:01:41]   1000/4996 (+0 done) samples=4854319 [47s]
[22:01:44]   1200/4996 (+0 done) samples=5195816 [50s]
[22:01:49]   1400/4996 (+0 done) samples=5596938 [55s]
[22:01:53]   1600/4996 (+0 done) samples=5966052 [59s]
[22:01:55]   1800/4996 (+0 done) samples=6228189 [61s]
[22:01:58]   2000/4996 (+0 done) samples=6454760 [63s]
[22:01:59]   2200/4996 (+0 done) samples=6656054 [65s]
[22:02:08]   2400/4996 (+0 done) samples=7701433 [74s]
[22:02:18]   2600/4996 (+0 done) samples=8915442 [84s]
[22:02:23]   2800/4996 (+0 done) samples=9443908 [88s]
[22:02:30]   3000/4996 (+0 done) samples=10313054 [95s]
[22:02:36]   3200/4996 (+0 done) samples=11067152 [102s]
[22:02:41]   3400/4996 (+0 done) samples=11717074 [107s]
[22:02:45]   3600/4996 (+0 done) samples=12126278 [110s]
[22:02:49]   3800/4996 (+0 done) samples=12771718 [115s]
[22:02:54]   4000/4996 (+0 done) samples=13409668 [120s]
[22:02:57]   4200/4996 (+0 done) samples=13883240 [123s]
[22:02:59]   4400/4996 (+0 done) samples=14245074 [125s]
[22:03:01]   4600/4996 (+0 done) samples=14497088 [126s]
[22:03:02]   4800/4996 (+0 done) samples=14690267 [127s]
[22:03:03] labeling done: 14805413 samples added [128s]
[22:03:05] ============================================================
[22:03:05] DISTRIBUTION (total=14805413)
[22:03:05] ============================================================
[22:03:05]   label -1: 2115459 (14.3%)
[22:03:05]   label 0: 9777760 (66.0%)
[22:03:05]   label 1: 2912194 (19.7%)
