[22:50:07] ============================================================
[22:50:07] TB sweep: K/门宽 参数 (5组)
[22:50:07] ============================================================
[22:50:07] building market cache (SQL)...
[22:51:20]   market cache: 6430 days
[22:51:20] sampled 1000 stocks (固定, 所有组共用)
[22:51:20]   K=5 SCALE=1.5: labeling 1000 stocks...
[22:51:33]     feats train(pos=3000) test(pos=3000)...
[22:51:35]     AUC=0.5482 dist={0: 2031511, 1: 545140, -1: 423799} [15s]
[22:51:35]   K=10 SCALE=1.5: labeling 1000 stocks...
[22:51:48]     feats train(pos=3000) test(pos=3000)...
[22:51:51]     AUC=0.5418 dist={0: 1978534, 1: 590337, -1: 426589} [15s]
[22:51:51]   K=20 SCALE=1.5: labeling 1000 stocks...
[22:52:03]     feats train(pos=3000) test(pos=3000)...
[22:52:05]     AUC=0.5380 dist={0: 1909114, 1: 657610, -1: 418759} [14s]
[22:52:05]   K=10 SCALE=1.0: labeling 1000 stocks...
[22:52:17]     feats train(pos=3000) test(pos=3000)...
[22:52:20]     AUC=0.5382 dist={0: 1167284, 1: 991656, -1: 836520} [14s]
[22:52:20]   K=10 SCALE=2.0: labeling 1000 stocks...
[22:52:32]     feats train(pos=3000) test(pos=3000)...
[22:52:35]     AUC=0.5475 dist={0: 2426282, 1: 355700, -1: 213478} [15s]
[22:52:35] ============================================================
[22:52:35] SWEEP RESULT
[22:52:35] ============================================================
[22:52:35]    K  SCALE      AUC  dist
[22:52:35]    5    1.5   0.5482  {0: 2031511, 1: 545140, -1: 423799}
[22:52:35]   10    1.5   0.5418  {0: 1978534, 1: 590337, -1: 426589}
[22:52:35]   20    1.5    0.538  {0: 1909114, 1: 657610, -1: 418759}
[22:52:35]   10    1.0   0.5382  {0: 1167284, 1: 991656, -1: 836520}
[22:52:35]   10    2.0   0.5475  {0: 2426282, 1: 355700, -1: 213478}
[22:52:35] written: /home/soso/v5/tb_sweep_result.json
