[15:34:49] ============================================================
[15:34:49] T3a streaming: weight scheme compare
[15:34:49] ============================================================
[15:34:49] groups: all38=38, equal29=29, strong21=21
[15:34:49] Building panel (2016~2026)...
[15:35:56]     open: (2790, 4993) RSS=3458MB
[15:36:10]     high: (2790, 4993) RSS=3551MB
[15:36:24]     low: (2790, 4993) RSS=3605MB
[15:36:38]     close: (2790, 4993) RSS=3658MB
[15:36:53]     volume: (2790, 4993) RSS=3712MB
[15:37:07]     amount: (2790, 4993) RSS=3765MB
[15:37:07]   Panel: 2790d x 4993c (2015-01-19~2026-07-14) [138s] RSS=3765MB
[15:37:07] Computing+storing 38 factors (streaming, float32)...
[15:37:07]   38 factors stored [0s] RSS=3765MB
[15:37:08]   panel slimmed after Phase1 RSS=3765MB
[15:37:08]   weights equal/ic/ir: 38/37/37
[15:37:10]   equal_38: 38 factors loaded RSS=4494MB
[15:41:06]     VALID WR=0.5513 ret=0.0016 | TEST WR=0.5079 ret=0.0007 [236s]
[15:41:09]   equal_29: 29 factors loaded RSS=4496MB
[15:44:17]     VALID WR=0.5332 ret=0.0013 | TEST WR=0.5163 ret=0.0011 [187s]
[15:44:17]   equal_21: 21 factors loaded RSS=4496MB
[15:46:43]     VALID WR=0.5211 ret=0.0008 | TEST WR=0.5154 ret=0.0010 [146s]
[15:46:47]   ic_38: 38 factors loaded RSS=4496MB
[15:50:31]     VALID WR=0.5403 ret=0.0011 | TEST WR=0.5063 ret=0.0006 [223s]
[15:50:32]   ir_38: 38 factors loaded RSS=4496MB
[15:54:15]     VALID WR=0.5410 ret=0.0016 | TEST WR=0.5136 ret=0.0009 [223s]
[15:54:15] written: /home/soso/v5/t3a_weight_compare_result.json
[15:54:15] ============================================================
[15:54:15] SUMMARY
[15:54:15] ============================================================
[15:54:15] scheme       nFac    V_WR    V_ret    T_WR    T_ret T_trades
[15:54:15] equal_38       38  0.5513   0.0016  0.5079   0.0007     6670
[15:54:15] equal_29       29  0.5332   0.0013  0.5163   0.0011     6663
[15:54:15] equal_21       21  0.5211   0.0008  0.5154   0.0010     6674
[15:54:15] ic_38          38  0.5403   0.0011  0.5063   0.0006     6674
[15:54:15] ir_38          38  0.5410   0.0016  0.5136   0.0009     6670
