[16:04:36] ============================================================
[16:04:36] T5: significance test (block bootstrap)
[16:04:36] ============================================================
[16:04:36] groups: equal_38=38, equal_29=29
[16:04:36] Building panel...
[16:06:07]     open: (2790, 4993) RSS=3457MB
[16:06:34]     high: (2790, 4993) RSS=3564MB
[16:06:51]     low: (2790, 4993) RSS=3618MB
[16:07:07]     close: (2790, 4993) RSS=3671MB
[16:07:25]     volume: (2790, 4993) RSS=3692MB
[16:07:41]     amount: (2790, 4993) RSS=3746MB
[16:07:42] panel ready RSS=3746MB
[16:07:52] equal_38: 38 factors simulate...
[16:12:09]   VALID WR=0.5513 (1218d) | TEST WR=0.5079 (1337d) [257s]
[16:12:11] equal_29: 29 factors simulate...
[16:15:21]   VALID WR=0.5332 (1218d) | TEST WR=0.5163 (1337d) [190s]
[16:15:23] written: /home/soso/v5/t5_significance_result.json
[16:15:23] ============================================================
[16:15:23] VERDICT
[16:15:23] ============================================================
[16:15:23] equal_38 drop 0.5513->0.5079 (drop 0.0434): VALID CI [0.5387,0.5661] TEST CI [0.4959,0.5222] -> CI重叠=不显著(可能是噪声)
[16:15:23] equal_29 vs equal_38 TEST (+0.0085): e29 CI [0.5043,0.5296] e38 CI [0.4959,0.5222] -> CI重叠=不显著
