[19:34:41] ============================================================
[19:34:41] 净收益分析: 扣换手成本后是否赚钱
[19:34:41] ============================================================
[19:34:41] groups: equal_38=38, equal_29=29
[19:34:41] Building panel...
[19:35:42]     open: (2790, 4993) RSS=3458MB
[19:35:55]     high: (2790, 4993) RSS=3551MB
[19:36:08]     low: (2790, 4993) RSS=3604MB
[19:36:21]     close: (2790, 4993) RSS=3658MB
[19:36:34]     volume: (2790, 4993) RSS=3711MB
[19:36:47]     amount: (2790, 4993) RSS=3765MB
[19:36:48] panel ready RSS=3765MB
[19:36:54] equal_38: 38 factors simulate...
[19:40:01]   gross V=0.4062 T=0.1796 | turnover V=81.36% T=84.99% [186s]
[19:40:01]     cost 1.0bps: net V=-0.0006 T=-0.2454
[19:40:01]     cost 2.0bps: net V=-0.4074 T=-0.6703
[19:40:01]     cost 3.0bps: net V=-0.8142 T=-1.0952
[19:40:01]     cost 5.0bps: net V=-1.6279 T=-1.9451
[19:40:01] equal_29: 29 factors simulate...
[19:42:30]   gross V=0.3234 T=0.2902 | turnover V=84.17% T=86.17% [149s]
[19:42:30]     cost 1.0bps: net V=-0.0975 T=-0.1407
[19:42:30]     cost 2.0bps: net V=-0.5184 T=-0.5715
[19:42:30]     cost 3.0bps: net V=-0.9392 T=-1.0023
[19:42:30]     cost 5.0bps: net V=-1.7810 T=-1.8640
[19:42:30] written: /home/soso/v5/t6_net_return_result.json
[19:42:30] ============================================================
[19:42:30] SUMMARY (net annual return)
[19:42:30] ============================================================
[19:42:30] scheme        gross_T  turn_T | 1bps 2bps 3bps 5bps
[19:42:30] equal_38       0.1796  84.99% | -0.245 -0.670 -1.095 -1.945
[19:42:30] equal_29       0.2902  86.17% | -0.141 -0.572 -1.002 -1.864
