[21:26:04] ============================================================
[21:26:04] lowvol 周度版 (vol_20最低Top10, T+5等权)
[21:26:04] ============================================================
[21:26:07] 周数:536, 股票:4996
[21:26:54]   50/536 [47s]
[21:27:41]   100/536 [94s]
[21:28:32]   150/536 [145s]
[21:29:22]   200/536 [194s]
[21:30:16]   250/536 [249s]
[21:31:12]   300/536 [305s]
[21:32:12]   350/536 [364s]
[21:33:16]   400/536 [429s]
[21:34:25]   450/536 [498s]
[21:35:32]   500/536 [565s]
[21:36:25] lowvol: 536周, 全段夏普0.30, 年化4.68%
[21:36:25] 合并进 candidates: ['tsmom_long_K1', 'tsmom_long_K4', 'tsmom_long_K12', 'tsmom_long_K24', 'tsmom_ls_K12', 'eq38_ls', 'market_eq', 'lowvol_weekly']
[21:36:26] ============================================================
[21:36:26] phase2 IC选股 周度版 (TSFM top5+Top10合并, T+5)
[21:36:26] ============================================================
[21:36:29] 周数:536, 因子38, 股票4996
[21:36:29] IC按周聚合...
[21:36:32] 预算每周全市场T+5收益...
[21:37:27]   50/536 [55s]
[21:38:24]   100/536 [113s]
[21:39:17]   150/536 [165s]
[21:40:09]   200/536 [218s]
[21:41:02]   250/536 [270s]
[21:41:56]   300/536 [324s]
[21:42:48]   350/536 [376s]
[21:43:42]   400/536 [430s]
[21:44:34]   450/536 [482s]
[21:45:29]   500/536 [537s]
[21:46:05] 读因子pkl算每周Top10...
[21:46:19] TSFM选股回测...
[21:46:19] phase2_IC: 524周, 全段夏普0.81, 年化23.01%
[21:46:19] 合并进 candidates: ['tsmom_long_K1', 'tsmom_long_K4', 'tsmom_long_K12', 'tsmom_long_K24', 'tsmom_ls_K12', 'eq38_ls', 'market_eq', 'lowvol_weekly', 'phase2_ic_weekly']
