[11:53:40] ============================================================
[11:53:40] Phase 1: 拉融资融券 2023-01-01~2026-07-20
[11:53:40] ============================================================
[11:54:04] total 856 days, done 0, todo 856
[11:55:20]   30/856 2023-02-20 +3347 total=100026 [76s]
[11:57:12]   60/856 2023-04-03 +3361 total=200627 [188s]
[11:58:48]   90/856 2023-05-19 +3403 total=302403 [284s]
[12:00:35]   120/856 2023-07-04 +3445 total=405107 [391s]
[12:02:16]   150/856 2023-08-15 +3526 total=510159 [492s]
[12:03:58]   180/856 2023-09-26 +3552 total=616402 [594s]
[12:05:34]   210/856 2023-11-15 +3583 total=723599 [690s]
[12:07:16]   240/856 2023-12-27 +3600 total=831315 [792s]
[12:08:52]   270/856 2024-02-08 +3613 total=939505 [888s]
[12:10:39]   300/856 2024-03-29 +3621 total=1047985 [995s]
[12:12:19]   330/856 2024-05-17 +3606 total=1156724 [1095s]
[12:13:59]   360/856 2024-07-01 +3611 total=1264944 [1195s]
[12:15:41]   390/856 2024-08-12 +3664 total=1374614 [1297s]
[12:17:21]   420/856 2024-09-25 +3671 total=1484679 [1397s]
[12:19:22]   450/856 2024-11-13 +3706 total=1595467 [1519s]
[12:21:16]   480/856 2024-12-25 +3717 total=1706800 [1632s]
[12:23:30]   510/856 2025-02-14 +3794 total=1819735 [1766s]
[12:25:53]   540/856 2025-03-28 +3801 total=1933623 [1909s]
[12:28:21]   570/856 2025-05-15 +3837 total=2048651 [2057s]
[12:31:34]   600/856 2025-06-27 +3846 total=2163940 [2250s]
[12:34:03]   630/856 2025-08-08 +3884 total=2280053 [2399s]
[12:36:27]   660/856 2025-09-19 +3887 total=2396621 [2544s]
[12:38:40]   690/856 2025-11-10 +3981 total=2514678 [2677s]
[12:40:52]   720/856 2025-12-22 +3990 total=2634227 [2808s]
[12:41:56]   2026-01-09 深 ERR: ('Connection aborted.', ConnectionResetError(104, 'Connection reset by peer'))
[12:43:11]   750/856 2026-02-04 +4025 total=2752541 [2947s]
[12:44:56]   780/856 2026-03-26 +4030 total=2873399 [3052s]
[12:46:49]   810/856 2026-05-13 +4047 total=2994865 [3165s]
[12:49:00]   840/856 2026-06-25 +4054 total=3116435 [3296s]
[12:50:07] done: 3181470 rows
