[15:59:21] ============================================================
[15:59:21] LightGBM多因子: 融资融券7因子
[15:59:21] ============================================================
[16:02:07]   2739431 rows
[16:02:07] train=1500290 test=1239141
[16:02:07] training LightGBM...
[16:02:10] AUC: 0.5332
[16:02:10] feature importance:
[16:02:10]   RZ_RQ_ratio: 576
[16:02:10]   RZ_chg_20d: 507
[16:02:10]   RQ_chg_5d: 432
[16:02:10]   RZ_buy_ratio: 421
[16:02:10]   RZ_chg_5d: 367
[16:02:10]   RQ_sell_ratio: 324
[16:02:10]   RZ_chg_1d: 290
[16:03:39]   50 days [89s]
[16:04:43]   100 days [152s]
[16:05:47]   150 days [217s]
[16:06:51]   200 days [280s]
[16:07:54]   250 days [343s]
[16:08:57]   300 days [406s]
[16:09:58]   350 days [468s]
[16:10:12] ============================================================
[16:10:12] RESULT
[16:10:12] ============================================================
[16:10:12] AUC: 0.5332
[16:10:12] Top10 return_pct: 0.5244 n=3620
[16:10:12] Top50 return_pct: 0.5281 n=18100
[16:10:12] (对比: 单因子0.51, 目标0.70)
[16:10:12] written: /home/soso/v5/margin_factor/margin_lightgbm_result.json
